| tst.js:8:18:8:40 | onClick ... bound1} | The receiver of this event handler call is unbound, `$@` will be `undefined` in the call to $@ | tst.js:37:9:37:12 | this | this | tst.js:36:5:38:5 | unbound ... ;\\n    } | unbound1 |
| tst.js:9:18:9:40 | onClick ... bound2} | The receiver of this event handler call is unbound, `$@` will be `undefined` in the call to $@ | tst.js:41:15:41:18 | this | this | tst.js:40:5:42:5 | unbound ... ;\\n    } | unbound2 |
| tst.js:10:18:10:35 | onClick={unbound3} | The receiver of this event handler call is unbound, `$@` will be `undefined` in the call to $@ | tst.js:45:15:45:18 | this | this | tst.js:44:5:46:5 | unbound ... ;\\n    } | unbound3 |
