| assert.py:5:5:5:20 | Assert | This 'assert' statement contains $@ which may have side effects. | assert.py:5:13:5:19 | Yield | an expression |
| assert.py:8:5:8:22 | Assert | This 'assert' statement contains $@ which may have side effects. | assert.py:8:12:8:22 | Attribute() | an expression |
| assert.py:20:1:20:43 | Assert | This 'assert' statement contains $@ which may have side effects. | assert.py:20:8:20:38 | Attribute() | an expression |
