| types.cs:51:11:51:19 | Map<,> | types.cs:51:15:51:15 | U | types.cs:51:18:51:18 | V |
