| tst.js:16:33:16:33 | c | $@ flows to file system | tst.js:15:26:15:26 | c | Untrusted data |
| tst.js:19:25:19:25 | c | $@ flows to file system | tst.js:15:26:15:26 | c | Untrusted data |
| tst.js:24:22:24:22 | c | $@ flows to file system | tst.js:15:26:15:26 | c | Untrusted data |
