| MemoryUnsafeFunctionScan.cpp:14:5:14:9 | call to scanf | Dangerous use of one of the scanf functions |
| MemoryUnsafeFunctionScan.cpp:23:5:23:10 | call to fscanf | Dangerous use of one of the scanf functions |
