| a.js:1:1:3:3 | <toplevel> | foo | a.js:2:19:2:20 | 42 |
| dir/b.js:1:1:3:3 | <toplevel> | bar | dir/b.js:2:10:2:11 | 42 |
| lib/a.js:1:1:3:3 | <toplevel> | foo | lib/a.js:2:19:2:20 | 42 |
| lib/foo.js:1:1:4:0 | <toplevel> | foo | lib/foo.js:2:10:2:11 | 23 |
| lib/nested/a.js:1:1:3:3 | <toplevel> | foo | lib/nested/a.js:2:19:2:20 | 42 |
| tst2.js:1:1:3:3 | <toplevel> | foo | tst2.js:2:19:2:20 | 42 |
| tst3.js:1:1:3:3 | <toplevel> | foo | tst3.js:2:43:2:44 | 42 |
| tst4.js:1:1:11:3 | <toplevel> | bar | tst4.js:9:14:9:18 | b.bar |
| tst4.js:1:1:11:3 | <toplevel> | foo | tst4.js:8:14:8:18 | a.foo |
| tst5.js:1:1:6:3 | <toplevel> | bar | tst5.js:4:14:4:16 | bar |
| tst5.js:1:1:6:3 | <toplevel> | foo | tst5.js:3:14:3:18 | a.foo |
| tst.js:1:1:6:3 | <toplevel> | bar | tst.js:4:14:4:18 | b.bar |
| tst.js:1:1:6:3 | <toplevel> | foo | tst.js:3:14:3:18 | a.foo |
| umd.js:1:1:14:4 | <toplevel> | bar | umd.js:11:14:11:18 | a.foo |
| umd.js:1:1:14:4 | <toplevel> | foo | umd.js:12:14:12:18 | b.bar |
