| b.js:7:22:7:27 | module |
| d.js:3:1:3:6 | module |
| reexport/a.js:1:1:1:6 | module |
| reexport/b.js:3:1:3:6 | module |
