edges
| ReflectedXss.js:8:33:8:45 | req.params.id | ReflectedXss.js:8:14:8:45 | "Unknow ... rams.id |
| etherpad.js:9:5:9:53 | response | etherpad.js:11:3:11:3 | response |
| etherpad.js:9:16:9:30 | req.query.jsonp | etherpad.js:9:16:9:36 | req.que ... p + "(" |
| etherpad.js:9:16:9:36 | req.que ... p + "(" | etherpad.js:9:16:9:47 | req.que ... esponse |
| etherpad.js:9:16:9:47 | req.que ... esponse | etherpad.js:9:16:9:53 | req.que ... e + ")" |
| etherpad.js:9:16:9:53 | req.que ... e + ")" | etherpad.js:9:5:9:53 | response |
| etherpad.js:11:3:11:3 | response | etherpad.js:11:12:11:19 | response |
| promises.js:5:3:5:59 | new Pro ... .data)) | promises.js:6:11:6:11 | x |
| promises.js:5:44:5:57 | req.query.data | promises.js:5:3:5:59 | new Pro ... .data)) |
| promises.js:5:44:5:57 | req.query.data | promises.js:6:11:6:11 | x |
| promises.js:6:11:6:11 | x | promises.js:6:25:6:25 | x |
| promises.js:6:11:6:11 | x | promises.js:6:25:6:25 | x |
| tst2.js:6:7:6:30 | p | tst2.js:7:12:7:12 | p |
| tst2.js:6:7:6:30 | r | tst2.js:8:12:8:12 | r |
| tst2.js:6:9:6:9 | p | tst2.js:6:7:6:30 | p |
| tst2.js:6:12:6:15 | q: r | tst2.js:6:7:6:30 | r |
#select
| ReflectedXss.js:8:14:8:45 | "Unknow ... rams.id | ReflectedXss.js:8:33:8:45 | req.params.id | ReflectedXss.js:8:14:8:45 | "Unknow ... rams.id | Cross-site scripting vulnerability due to $@. | ReflectedXss.js:8:33:8:45 | req.params.id | user-provided value |
| etherpad.js:11:12:11:19 | response | etherpad.js:9:16:9:30 | req.query.jsonp | etherpad.js:11:12:11:19 | response | Cross-site scripting vulnerability due to $@. | etherpad.js:9:16:9:30 | req.query.jsonp | user-provided value |
| promises.js:6:25:6:25 | x | promises.js:5:44:5:57 | req.query.data | promises.js:6:25:6:25 | x | Cross-site scripting vulnerability due to $@. | promises.js:5:44:5:57 | req.query.data | user-provided value |
| promises.js:6:25:6:25 | x | promises.js:5:44:5:57 | req.query.data | promises.js:6:25:6:25 | x | Cross-site scripting vulnerability due to $@. | promises.js:5:44:5:57 | req.query.data | user-provided value |
| tst2.js:7:12:7:12 | p | tst2.js:6:9:6:9 | p | tst2.js:7:12:7:12 | p | Cross-site scripting vulnerability due to $@. | tst2.js:6:9:6:9 | p | user-provided value |
| tst2.js:8:12:8:12 | r | tst2.js:6:12:6:15 | q: r | tst2.js:8:12:8:12 | r | Cross-site scripting vulnerability due to $@. | tst2.js:6:12:6:15 | q: r | user-provided value |
