| test.py:3:10:3:15 | ControlFlowNode for SOURCE | test.py:3:10:3:15 | ControlFlowNode for SOURCE |
| test.py:6:9:6:14 | ControlFlowNode for SOURCE | test.py:7:10:7:10 | ControlFlowNode for s |
| test.py:10:12:10:17 | ControlFlowNode for SOURCE | test.py:13:10:13:12 | ControlFlowNode for arg |
| test.py:10:12:10:17 | ControlFlowNode for SOURCE | test.py:17:10:17:10 | ControlFlowNode for t |
| test.py:20:9:20:14 | ControlFlowNode for SOURCE | test.py:13:10:13:12 | ControlFlowNode for arg |
| test.py:37:13:37:18 | ControlFlowNode for SOURCE | test.py:41:14:41:14 | ControlFlowNode for t |
| test.py:62:13:62:18 | ControlFlowNode for SOURCE | test.py:13:10:13:12 | ControlFlowNode for arg |
| test.py:67:13:67:18 | ControlFlowNode for SOURCE | test.py:13:10:13:12 | ControlFlowNode for arg |
| test.py:76:9:76:14 | ControlFlowNode for SOURCE | test.py:78:10:78:10 | ControlFlowNode for t |
| test.py:128:13:128:18 | ControlFlowNode for SOURCE | test.py:132:14:132:14 | ControlFlowNode for t |
| test.py:159:10:159:15 | ControlFlowNode for SOURCE | test.py:160:14:160:14 | ControlFlowNode for t |
| test.py:163:9:163:14 | ControlFlowNode for SOURCE | test.py:165:10:165:10 | ControlFlowNode for s |
| test.py:178:9:178:14 | ControlFlowNode for SOURCE | test.py:180:14:180:14 | ControlFlowNode for t |
| test.py:178:9:178:14 | ControlFlowNode for SOURCE | test.py:182:14:182:14 | ControlFlowNode for t |
| test.py:178:9:178:14 | ControlFlowNode for SOURCE | test.py:184:14:184:14 | ControlFlowNode for t |
| test.py:178:9:178:14 | ControlFlowNode for SOURCE | test.py:186:14:186:14 | ControlFlowNode for t |
| test.py:195:9:195:14 | ControlFlowNode for SOURCE | test.py:197:14:197:14 | ControlFlowNode for t |
| test.py:195:9:195:14 | ControlFlowNode for SOURCE | test.py:199:14:199:14 | ControlFlowNode for t |
| test.py:217:15:217:20 | ControlFlowNode for SOURCE | test.py:219:14:219:20 | ControlFlowNode for tainted |
| test.py:217:15:217:20 | ControlFlowNode for SOURCE | test.py:220:10:220:16 | ControlFlowNode for tainted |
| test.py:223:15:223:20 | ControlFlowNode for SOURCE | test.py:226:10:226:16 | ControlFlowNode for tainted |
| test.py:229:15:229:20 | ControlFlowNode for SOURCE | test.py:231:14:231:20 | ControlFlowNode for tainted |
| test.py:229:15:229:20 | ControlFlowNode for SOURCE | test.py:233:14:233:20 | ControlFlowNode for tainted |
