| test.c:8:5:8:14 | declaration | Function f2 should return a value of type int but does not return a value here |
| test.c:25:9:25:14 | ExprStmt | Function f4 should return a value of type int but does not return a value here |
| test.c:39:9:39:14 | ExprStmt | Function f6 should return a value of type int but does not return a value here |
| test.cpp:16:1:18:1 | { ... } | Function g2 should return a value of type MyValue but does not return a value here |
| test.cpp:48:2:48:26 | if (...) ...  | Function g7 should return a value of type MyValue but does not return a value here |
| test.cpp:74:1:76:1 | { ... } | Function g10 should return a value of type second but does not return a value here |
| test.cpp:86:1:88:1 | { ... } | Function g12 should return a value of type second but does not return a value here |
| test.cpp:103:2:103:17 | ExprStmt | Function g13 should return a value of type int but does not return a value here |
| test.cpp:108:2:111:2 | if (...) ...  | Function g14 should return a value of type int but does not return a value here |
| test.cpp:110:3:110:18 | ExprStmt | Function g14 should return a value of type int but does not return a value here |
| test.cpp:120:3:120:18 | ExprStmt | Function g15 should return a value of type int but does not return a value here |
| test.cpp:134:2:134:36 | ExprStmt | Function g16 should return a value of type int but does not return a value here |
| test.cpp:141:3:141:37 | ExprStmt | Function g17 should return a value of type int but does not return a value here |
| test.cpp:151:3:151:18 | ExprStmt | Function g18 should return a value of type int but does not return a value here |
