| file://:0:0:0:0 | __va_list_tag | 0 __va_list_tag::gp_offset |
| file://:0:0:0:0 | __va_list_tag | 1 __va_list_tag::fp_offset |
| file://:0:0:0:0 | __va_list_tag | 2 __va_list_tag::overflow_arg_area |
| file://:0:0:0:0 | __va_list_tag | 3 __va_list_tag::reg_save_area |
| file://:0:0:0:0 | __va_list_tag | 6 __va_list_tag::operator= |
| h.h:2:7:2:8 | CA | 0 CA::CB<TB> |
| h.h:2:7:2:8 | CA | 0 CA::CB<double> |
| h.h:2:7:2:8 | CA | 0 CA::CB<float> |
| h.h:2:7:2:8 | CA | 0 CA::CB<int> |
| h.h:2:7:2:8 | CA | 3 CA::operator= |
| h.h:5:11:5:12 | CB<TB> | <none> |
| h.h:5:11:5:12 | CB<double> | 2 CA::CB<double>::operator= |
| h.h:5:11:5:12 | CB<float> | 2 CA::CB<float>::operator= |
| h.h:5:11:5:12 | CB<int> | 2 CA::CB<int>::operator= |
