| test.py:3:5:3:20 | Function Wat.upper | overriding | not overridden |
| test.py:6:1:6:26 | Function outside_func | not overriding | overridden |
| test.py:11:11:11:29 | Function Base.lambda | not overriding | overridden |
| test.py:13:24:13:36 | Function Base.lambda | not overriding | not overridden |
| test.py:17:5:17:21 | Function Base.normal | not overriding | overridden |
| test.py:28:5:28:21 | Function Sub2.foo | overriding | overridden |
| test.py:31:5:31:24 | Function Sub2.tricky | overriding | not overridden |
| test.py:36:5:36:21 | Function Sub2Sub.foo | overriding | not overridden |
| test.py:39:5:39:18 | Function Sub2Sub.baz | overriding | not overridden |
