nodes
| tst.js:3:37:3:38 | ev |
| tst.js:4:9:4:37 | message |
| tst.js:4:19:4:37 | JSON.parse(ev.data) |
| tst.js:4:30:4:31 | ev |
| tst.js:4:30:4:36 | ev.data |
| tst.js:5:5:5:24 | window[message.name] |
| tst.js:5:12:5:18 | message |
| tst.js:5:12:5:23 | message.name |
| tst.js:6:9:6:28 | window[message.name] |
| tst.js:6:16:6:22 | message |
| tst.js:6:16:6:27 | message.name |
| tst.js:10:5:10:19 | f[message.name] |
| tst.js:10:7:10:13 | message |
| tst.js:10:7:10:18 | message.name |
edges
| tst.js:3:37:3:38 | ev | tst.js:4:30:4:31 | ev |
| tst.js:4:9:4:37 | message | tst.js:5:12:5:18 | message |
| tst.js:4:9:4:37 | message | tst.js:6:16:6:22 | message |
| tst.js:4:9:4:37 | message | tst.js:10:7:10:13 | message |
| tst.js:4:19:4:37 | JSON.parse(ev.data) | tst.js:4:9:4:37 | message |
| tst.js:4:30:4:31 | ev | tst.js:4:30:4:36 | ev.data |
| tst.js:4:30:4:36 | ev.data | tst.js:4:19:4:37 | JSON.parse(ev.data) |
| tst.js:5:12:5:18 | message | tst.js:5:12:5:23 | message.name |
| tst.js:5:12:5:23 | message.name | tst.js:5:5:5:24 | window[message.name] |
| tst.js:6:16:6:22 | message | tst.js:6:16:6:27 | message.name |
| tst.js:6:16:6:27 | message.name | tst.js:6:9:6:28 | window[message.name] |
| tst.js:10:7:10:13 | message | tst.js:10:7:10:18 | message.name |
| tst.js:10:7:10:18 | message.name | tst.js:10:5:10:19 | f[message.name] |
#select
| tst.js:5:5:5:24 | window[message.name] | tst.js:3:37:3:38 | ev | tst.js:5:5:5:24 | window[message.name] | Invocation of method derived from $@ may lead to remote code execution. | tst.js:3:37:3:38 | ev | user-controlled value |
| tst.js:6:9:6:28 | window[message.name] | tst.js:3:37:3:38 | ev | tst.js:6:9:6:28 | window[message.name] | Invocation of method derived from $@ may lead to remote code execution. | tst.js:3:37:3:38 | ev | user-controlled value |
| tst.js:10:5:10:19 | f[message.name] | tst.js:3:37:3:38 | ev | tst.js:10:5:10:19 | f[message.name] | Invocation of method derived from $@ may lead to remote code execution. | tst.js:3:37:3:38 | ev | user-controlled value |
