| printf.cpp:24:31:24:37 | test | This argument should be of type 'char *' but is of type 'char16_t *' |
| printf.cpp:36:29:36:35 | test | This argument should be of type 'char *' but is of type 'char16_t *' |
| printf.cpp:43:29:43:35 | test | This argument should be of type 'char16_t *' but is of type 'wchar_t *' |
