| electron | destructuringES6.js:1:1:1:41 | import  ... ctron'; |
| electron | destructuringRequire.js:1:27:1:45 | require('electron') |
| fs | amd1.js:1:25:1:26 | fs |
| fs | amd2.js:2:12:2:24 | require('fs') |
| mod | moduleUses.js:1:11:1:24 | require('mod') |
| myDefaultImportedModuleInstance | instanceThroughDefaultImport.js:1:1:1:82 | import  ... tance'; |
| myDefaultImportedModuleInstance | instanceThroughDefaultImport.js:1:8:1:42 | myDefaultImportedModuleInstanceName |
| myNamespaceImportedModuleInstance | instanceThroughNamespaceImport.js:1:8:1:49 | myNamespaceImportedModuleInstanceName |
| myRequiredModuleInstance | instanceThroughRequire.js:1:36:1:70 | require ... tance') |
