| tst.js:4:17:4:21 | () {} | A.instanceMethod |
| tst.js:7:6:7:10 | () {} | A.bar |
| tst.js:15:19:15:31 | function() {} | B.foo |
| tst.js:19:19:19:31 | function() {} | C.bar |
