| TargetType.cs:12:18:14:18 | ... ? ... : ... | int? | int? | null |
| TargetType.cs:16:31:18:32 | ... ? ... : ... | IEnumerable<Int32> | List<Int32> | Int32[] |
