| CSharp7.cs:253:13:253:36 | case Int32 i2: | CSharp7.cs:253:18:253:23 | Int32 i2 | CSharp7.cs:253:18:253:20 | access to type Int32 | Int32 | false |
| CSharp7.cs:256:13:256:24 | case Int32 i3: | CSharp7.cs:256:18:256:23 | Int32 i3 | CSharp7.cs:256:18:256:20 | access to type Int32 | Int32 | false |
| CSharp7.cs:259:13:259:27 | case String s2: | CSharp7.cs:259:18:259:26 | String s2 | CSharp7.cs:259:18:259:23 | access to type String | String | false |
| CSharp7.cs:265:13:265:24 | case Object v2: | CSharp7.cs:265:18:265:23 | Object v2 | CSharp7.cs:265:18:265:20 | access to type Object | Object | true |
