| tst.js:4:1:4:16 | (function(){})() | file://:0:0:0:0 | undefined |
| tst.js:5:1:5:25 | (functi ... n; })() | file://:0:0:0:0 | undefined |
| tst.js:6:1:6:30 | (functi ... e; })() | file://:0:0:0:0 | true |
| tst.js:7:1:7:57 | (functi ... e; })() | file://:0:0:0:0 | false |
| tst.js:7:1:7:57 | (functi ... e; })() | file://:0:0:0:0 | true |
| tst.js:8:1:8:33 | (functi ... n; })() | file://:0:0:0:0 | indefinite value (global) |
| tst.js:11:5:11:8 | f1() | file://:0:0:0:0 | undefined |
| tst.js:23:5:23:8 | f4() | tst.js:21:16:21:30 | function f5 |
| tst.js:30:5:30:8 | f6() | tst.js:26:16:28:9 | function f7 |
