| AV Rule 82.cpp:18:9:18:17 | operator= | Assignment operator in class Bad1 does not return a reference to *this. |
| AV Rule 82.cpp:24:8:24:16 | operator= | Assignment operator in class Bad2 should have return type Bad2&. Otherwise a copy is created at each call. |
| AV Rule 82.cpp:63:29:63:29 | operator= | Assignment operator in class TemplateReturnAssignment<int> does not return a reference to *this. |
| AV Rule 82.cpp:63:29:63:37 | operator= | Assignment operator in class TemplateReturnAssignment<T> does not return a reference to *this. |
| AV Rule 82.cpp:199:52:199:52 | operator= | Assignment operator in class TemplatedAssignmentBad should have return type TemplatedAssignmentBad&. Otherwise a copy is created at each call. |
| AV Rule 82.cpp:211:12:211:20 | operator= | Assignment operator in class Obj3<T> does not return a reference to *this. |
