debug_missingAnnotationForCallable
debug_nonUniqueAnnotationForCallable
debug_missingAnnotationForCall
expectedCallEdgeNotFound
| example.py:18:1:18:7 | afunc() | foo/bar/a.py:2:1:2:12 | Function afunc |
unexpectedCallEdgeFound
