FIXME: WHERE ARE THE FIRST ONES?
| test.py:40:23:40:30 | Twisted request setter | externally controlled string |
| test.py:44:27:44:31 | Twisted request setter | externally controlled string |
| test.py:44:34:44:38 | Twisted request setter | externally controlled string |
| test.py:45:27:45:31 | Twisted request setter | externally controlled string |
| test.py:45:34:45:40 | Twisted request setter | externally controlled string |
