| builtin-class dict | builtin-class dict |
| builtin-class dict | builtin-class list |
| builtin-class int | (builtin-class float, builtin-class dict) |
| builtin-class int | (builtin-class list, builtin-class int) |
| builtin-class int | (builtin-class list, builtin-class int) |
| builtin-class int | builtin-class dict |
| builtin-class int | builtin-class float |
| builtin-class int | builtin-class int |
| builtin-class int | builtin-class list |
| builtin-class int | builtin-class object |
| builtin-class int | builtin-class tuple |
| builtin-class tuple | builtin-class int |
| builtin-class tuple | builtin-class tuple |
