| views_1x.py:8:25:8:63 | django.Response(...) | externally controlled string |
| views_1x.py:12:25:12:52 | django.Response(...) | externally controlled string |
| views_1x.py:16:25:16:53 | django.Response(...) | externally controlled string |
| views_1x.py:21:15:21:42 | django.Response.write(...) | externally controlled string |
| views_1x.py:30:29:30:60 | django.Response(...) | externally controlled string |
| views_1x.py:36:29:36:65 | django.Response(...) | externally controlled string |
| views_1x.py:41:25:41:63 | django.Response(...) | externally controlled string |
| views_1x.py:45:25:45:70 | django.Response(...) | externally controlled string |
| views_1x.py:66:25:66:55 | django.Response(...) | externally controlled string |
| views_1x.py:75:25:75:33 | django.Response(...) | externally controlled string |
