| tst.ts:48:16:48:40 | [number ... oolean] | 0 | 3 | tst.ts:48:17:48:22 | number |
| tst.ts:48:16:48:40 | [number ... oolean] | 1 | 3 | tst.ts:48:25:48:30 | string |
| tst.ts:48:16:48:40 | [number ... oolean] | 2 | 3 | tst.ts:48:33:48:39 | boolean |
| tst.ts:95:31:95:35 | [S,T] | 0 | 2 | tst.ts:95:32:95:32 | S |
| tst.ts:95:31:95:35 | [S,T] | 1 | 2 | tst.ts:95:34:95:34 | T |
| tst.ts:133:31:133:55 | [number ... umber?] | 0 | 3 | tst.ts:133:32:133:37 | number |
| tst.ts:133:31:133:55 | [number ... umber?] | 1 | 3 | tst.ts:133:40:133:45 | string |
| tst.ts:133:31:133:55 | [number ... umber?] | 2 | 3 | tst.ts:133:48:133:54 | number? |
